<html>
<body>
<pre>
<h1>µVision Build Log</h1>
<h2>Tool Versions:</h2>
IDE-Version: ¦ÌVision V5.31.0.0
Copyright (C) 2020 ARM Ltd and ARM Germany GmbH. All rights reserved.
License Information: pak tin, mang, LIC=QF82M-X5HRM-II75V-PC0AB-7MG33-2G9M5
 
Tool Versions:
Toolchain:       MDK-ARM Plus  Version: 5.31.0.0
Toolchain Path:  C:\Keil_v5\ARM\ARMCC\Bin
C Compiler:      Armcc.exe V5.06 update 6 (build 750)
Assembler:       Armasm.exe V5.06 update 6 (build 750)
Linker/Locator:  ArmLink.exe V5.06 update 6 (build 750)
Library Manager: ArmAr.exe V5.06 update 6 (build 750)
Hex Converter:   FromElf.exe V5.06 update 6 (build 750)
CPU DLL:         SARMCM3.DLL V5.31.0.0
Dialog DLL:      DCM.DLL V1.17.3.0
Target DLL:      STLink\ST-LINKIII-KEIL_SWO.dll V3.0.7.0
Dialog DLL:      TCM.DLL V1.46.0.0
 
<h2>Project:</h2>
H:\tttest\MDK-ARM\tttest.uvprojx
Project File Date:  12/09/2024

<h2>Output:</h2>
*** Using Compiler 'V5.06 update 6 (build 750)', folder: 'C:\Keil_v5\ARM\ARMCC\Bin'
Rebuild target 'tttest'
assembling startup_stm32f103xb.s...
compiling stm32f1xx_hal_msp.c...
compiling usart.c...
compiling stm32f1xx_it.c...
compiling stm32f1xx_hal_rcc.c...
compiling main.c...
../Src/main.c(108): warning:  #223-D: function "strlen" declared implicitly
  HAL_UART_Transmit(&huart1, (uint8_t *)&message, strlen(message),0xFFFF); 
../Src/main.c(122): warning:  #223-D: function "strlen" declared implicitly
  		HAL_UART_Transmit(&huart1, (uint8_t *)&tips2, strlen(tips2),0xFFFF); 
../Src/main.c(128): warning:  #223-D: function "strlen" declared implicitly
  		HAL_UART_Transmit(&huart1, (uint8_t *)&tips1, strlen(tips1),0xFFFF); 
../Src/main.c(134): warning:  #223-D: function "strlen" declared implicitly
  		HAL_UART_Transmit(&huart1, (uint8_t *)&tips, strlen(tips),0xFFFF); 
../Src/main.c: 4 warnings, 0 errors
compiling stm32f1xx_hal_gpio_ex.c...
compiling gpio.c...
compiling stm32f1xx_hal.c...
compiling stm32f1xx_hal_uart.c...
compiling stm32f1xx_hal_rcc_ex.c...
compiling stm32f1xx_hal_gpio.c...
compiling stm32f1xx_hal_cortex.c...
compiling stm32f1xx_hal_dma.c...
compiling stm32f1xx_hal_pwr.c...
compiling stm32f1xx_hal_flash.c...
compiling stm32f1xx_hal_flash_ex.c...
compiling stm32f1xx_hal_exti.c...
compiling system_stm32f1xx.c...
linking...
Program Size: Code=4932 RO-data=312 RW-data=80 ZI-data=1704  
FromELF: creating hex file...
"tttest\tttest.axf" - 0 Error(s), 4 Warning(s).

<h2>Software Packages used:</h2>

Package Vendor: ARM
                http://www.keil.com/pack/ARM.CMSIS.5.7.0.pack
                ARM.CMSIS.5.7.0
                CMSIS (Cortex Microcontroller Software Interface Standard)
   * Component: CORE Version: 5.4.0

Package Vendor: Keil
                http://www.keil.com/pack/Keil.STM32F1xx_DFP.2.3.0.pack
                Keil.STM32F1xx_DFP.2.3.0
                STMicroelectronics STM32F1 Series Device Support, Drivers and Examples

<h2>Collection of Component include folders:</h2>
  .\RTE\_tttest
  E:\MDK\MDK\MDK\Packs\ARM\CMSIS\5.7.0\CMSIS\Core\Include
  E:\MDK\MDK\MDK\Packs\Keil\STM32F1xx_DFP\2.3.0\Device\Include

<h2>Collection of Component Files used:</h2>

   * Component: ARM::CMSIS:CORE:5.4.0
Build Time Elapsed:  00:00:13
</pre>
</body>
</html>
